
> shadowcode@1.113.0 compile-check-ts-native
> tsgo --project ./src/tsconfig.json --noEmit --skipLibCheck

sh: line 1: tsgo: command not found
